[1] "/home/tredd/MCLA-rankings"
